// Jest Snapshot v1, https://goo.gl/fbAQLP

exports[`<Logout /> renders correctly 1`] = `
<a
  href="/"
  onClick={[Function]}
>
  Log Out
</a>
`;
